// Jest Snapshot v1, https://goo.gl/fbAQLP

exports[` 1`] = `
Object {
  "labware": Object {
    "somePlateId": Object {
      "slot": "1",
    },
    "tiprack10Id": Object {
      "slot": "2",
    },
    "tiprack300Id": Object {
      "slot": "4",
    },
    "trashId": Object {
      "slot": "12",
    },
  },
  "liquidState": Object {
    "labware": Object {
      "somePlateId": Object {
        "A1": Object {},
        "A10": Object {},
        "A11": Object {},
        "A12": Object {},
        "A2": Object {},
        "A3": Object {},
        "A4": Object {},
        "A5": Object {},
        "A6": Object {},
        "A7": Object {},
        "A8": Object {},
        "A9": Object {},
        "B1": Object {},
        "B10": Object {},
        "B11": Object {},
        "B12": Object {},
        "B2": Object {},
        "B3": Object {},
        "B4": Object {},
        "B5": Object {},
        "B6": Object {},
        "B7": Object {},
        "B8": Object {},
        "B9": Object {},
        "C1": Object {},
        "C10": Object {},
        "C11": Object {},
        "C12": Object {},
        "C2": Object {},
        "C3": Object {},
        "C4": Object {},
        "C5": Object {},
        "C6": Object {},
        "C7": Object {},
        "C8": Object {},
        "C9": Object {},
        "D1": Object {},
        "D10": Object {},
        "D11": Object {},
        "D12": Object {},
        "D2": Object {},
        "D3": Object {},
        "D4": Object {},
        "D5": Object {},
        "D6": Object {},
        "D7": Object {},
        "D8": Object {},
        "D9": Object {},
        "E1": Object {},
        "E10": Object {},
        "E11": Object {},
        "E12": Object {},
        "E2": Object {},
        "E3": Object {},
        "E4": Object {},
        "E5": Object {},
        "E6": Object {},
        "E7": Object {},
        "E8": Object {},
        "E9": Object {},
        "F1": Object {},
        "F10": Object {},
        "F11": Object {},
        "F12": Object {},
        "F2": Object {},
        "F3": Object {},
        "F4": Object {},
        "F5": Object {},
        "F6": Object {},
        "F7": Object {},
        "F8": Object {},
        "F9": Object {},
        "G1": Object {},
        "G10": Object {},
        "G11": Object {},
        "G12": Object {},
        "G2": Object {},
        "G3": Object {},
        "G4": Object {},
        "G5": Object {},
        "G6": Object {},
        "G7": Object {},
        "G8": Object {},
        "G9": Object {},
        "H1": Object {},
        "H10": Object {},
        "H11": Object {},
        "H12": Object {},
        "H2": Object {},
        "H3": Object {},
        "H4": Object {},
        "H5": Object {},
        "H6": Object {},
        "H7": Object {},
        "H8": Object {},
        "H9": Object {},
      },
      "tiprack10Id": Object {
        "A1": Object {},
        "A10": Object {},
        "A11": Object {},
        "A12": Object {},
        "A2": Object {},
        "A3": Object {},
        "A4": Object {},
        "A5": Object {},
        "A6": Object {},
        "A7": Object {},
        "A8": Object {},
        "A9": Object {},
        "B1": Object {},
        "B10": Object {},
        "B11": Object {},
        "B12": Object {},
        "B2": Object {},
        "B3": Object {},
        "B4": Object {},
        "B5": Object {},
        "B6": Object {},
        "B7": Object {},
        "B8": Object {},
        "B9": Object {},
        "C1": Object {},
        "C10": Object {},
        "C11": Object {},
        "C12": Object {},
        "C2": Object {},
        "C3": Object {},
        "C4": Object {},
        "C5": Object {},
        "C6": Object {},
        "C7": Object {},
        "C8": Object {},
        "C9": Object {},
        "D1": Object {},
        "D10": Object {},
        "D11": Object {},
        "D12": Object {},
        "D2": Object {},
        "D3": Object {},
        "D4": Object {},
        "D5": Object {},
        "D6": Object {},
        "D7": Object {},
        "D8": Object {},
        "D9": Object {},
        "E1": Object {},
        "E10": Object {},
        "E11": Object {},
        "E12": Object {},
        "E2": Object {},
        "E3": Object {},
        "E4": Object {},
        "E5": Object {},
        "E6": Object {},
        "E7": Object {},
        "E8": Object {},
        "E9": Object {},
        "F1": Object {},
        "F10": Object {},
        "F11": Object {},
        "F12": Object {},
        "F2": Object {},
        "F3": Object {},
        "F4": Object {},
        "F5": Object {},
        "F6": Object {},
        "F7": Object {},
        "F8": Object {},
        "F9": Object {},
        "G1": Object {},
        "G10": Object {},
        "G11": Object {},
        "G12": Object {},
        "G2": Object {},
        "G3": Object {},
        "G4": Object {},
        "G5": Object {},
        "G6": Object {},
        "G7": Object {},
        "G8": Object {},
        "G9": Object {},
        "H1": Object {},
        "H10": Object {},
        "H11": Object {},
        "H12": Object {},
        "H2": Object {},
        "H3": Object {},
        "H4": Object {},
        "H5": Object {},
        "H6": Object {},
        "H7": Object {},
        "H8": Object {},
        "H9": Object {},
      },
      "tiprack300Id": Object {
        "A1": Object {},
        "A10": Object {},
        "A11": Object {},
        "A12": Object {},
        "A2": Object {},
        "A3": Object {},
        "A4": Object {},
        "A5": Object {},
        "A6": Object {},
        "A7": Object {},
        "A8": Object {},
        "A9": Object {},
        "B1": Object {},
        "B10": Object {},
        "B11": Object {},
        "B12": Object {},
        "B2": Object {},
        "B3": Object {},
        "B4": Object {},
        "B5": Object {},
        "B6": Object {},
        "B7": Object {},
        "B8": Object {},
        "B9": Object {},
        "C1": Object {},
        "C10": Object {},
        "C11": Object {},
        "C12": Object {},
        "C2": Object {},
        "C3": Object {},
        "C4": Object {},
        "C5": Object {},
        "C6": Object {},
        "C7": Object {},
        "C8": Object {},
        "C9": Object {},
        "D1": Object {},
        "D10": Object {},
        "D11": Object {},
        "D12": Object {},
        "D2": Object {},
        "D3": Object {},
        "D4": Object {},
        "D5": Object {},
        "D6": Object {},
        "D7": Object {},
        "D8": Object {},
        "D9": Object {},
        "E1": Object {},
        "E10": Object {},
        "E11": Object {},
        "E12": Object {},
        "E2": Object {},
        "E3": Object {},
        "E4": Object {},
        "E5": Object {},
        "E6": Object {},
        "E7": Object {},
        "E8": Object {},
        "E9": Object {},
        "F1": Object {},
        "F10": Object {},
        "F11": Object {},
        "F12": Object {},
        "F2": Object {},
        "F3": Object {},
        "F4": Object {},
        "F5": Object {},
        "F6": Object {},
        "F7": Object {},
        "F8": Object {},
        "F9": Object {},
        "G1": Object {},
        "G10": Object {},
        "G11": Object {},
        "G12": Object {},
        "G2": Object {},
        "G3": Object {},
        "G4": Object {},
        "G5": Object {},
        "G6": Object {},
        "G7": Object {},
        "G8": Object {},
        "G9": Object {},
        "H1": Object {},
        "H10": Object {},
        "H11": Object {},
        "H12": Object {},
        "H2": Object {},
        "H3": Object {},
        "H4": Object {},
        "H5": Object {},
        "H6": Object {},
        "H7": Object {},
        "H8": Object {},
        "H9": Object {},
      },
      "trashId": Object {
        "A1": Object {},
      },
    },
    "pipettes": Object {
      "p10SingleId": Object {
        "0": Object {},
      },
      "p300MultiId": Object {
        "0": Object {},
        "1": Object {},
        "2": Object {},
        "3": Object {},
        "4": Object {},
        "5": Object {},
        "6": Object {},
        "7": Object {},
      },
    },
  },
  "modules": Object {
    "someTempModuleId": Object {
      "moduleState": Object {
        "status": "TEMPERATURE_DEACTIVATED",
        "targetTemperature": null,
        "type": "temperatureModuleType",
      },
      "slot": "3",
    },
  },
  "pipettes": Object {
    "p10SingleId": Object {
      "mount": "left",
    },
    "p300MultiId": Object {
      "mount": "right",
    },
  },
  "tipState": Object {
    "pipettes": Object {
      "p10SingleId": false,
      "p300MultiId": false,
    },
    "tipracks": Object {
      "tiprack10Id": Set {
        "H1",
        "G1",
        "F1",
        "E1",
        "D1",
        "C1",
        "B1",
        "A1",
        "H2",
        "G2",
        "F2",
        "E2",
        "D2",
        "C2",
        "B2",
        "A2",
        "H3",
        "G3",
        "F3",
        "E3",
        "D3",
        "C3",
        "B3",
        "A3",
        "H4",
        "G4",
        "F4",
        "E4",
        "D4",
        "C4",
        "B4",
        "A4",
        "H5",
        "G5",
        "F5",
        "E5",
        "D5",
        "C5",
        "B5",
        "A5",
        "H6",
        "G6",
        "F6",
        "E6",
        "D6",
        "C6",
        "B6",
        "A6",
        "H7",
        "G7",
        "F7",
        "E7",
        "D7",
        "C7",
        "B7",
        "A7",
        "H8",
        "G8",
        "F8",
        "E8",
        "D8",
        "C8",
        "B8",
        "A8",
        "H9",
        "G9",
        "F9",
        "E9",
        "D9",
        "C9",
        "B9",
        "A9",
        "H10",
        "G10",
        "F10",
        "E10",
        "D10",
        "C10",
        "B10",
        "A10",
        "H11",
        "G11",
        "F11",
        "E11",
        "D11",
        "C11",
        "B11",
        "A11",
        "H12",
        "G12",
        "F12",
        "E12",
        "D12",
        "C12",
        "B12",
        "A12",
      },
      "tiprack300Id": Set {
        "H1",
        "G1",
        "F1",
        "E1",
        "D1",
        "C1",
        "B1",
        "A1",
        "H2",
        "G2",
        "F2",
        "E2",
        "D2",
        "C2",
        "B2",
        "A2",
        "H3",
        "G3",
        "F3",
        "E3",
        "D3",
        "C3",
        "B3",
        "A3",
        "H4",
        "G4",
        "F4",
        "E4",
        "D4",
        "C4",
        "B4",
        "A4",
        "H5",
        "G5",
        "F5",
        "E5",
        "D5",
        "C5",
        "B5",
        "A5",
        "H6",
        "G6",
        "F6",
        "E6",
        "D6",
        "C6",
        "B6",
        "A6",
        "H7",
        "G7",
        "F7",
        "E7",
        "D7",
        "C7",
        "B7",
        "A7",
        "H8",
        "G8",
        "F8",
        "E8",
        "D8",
        "C8",
        "B8",
        "A8",
        "H9",
        "G9",
        "F9",
        "E9",
        "D9",
        "C9",
        "B9",
        "A9",
        "H10",
        "G10",
        "F10",
        "E10",
        "D10",
        "C10",
        "B10",
        "A10",
        "H11",
        "G11",
        "F11",
        "E11",
        "D11",
        "C11",
        "B11",
        "A11",
        "H12",
        "G12",
        "F12",
        "E12",
        "D12",
        "C12",
        "B12",
        "A12",
      },
    },
  },
}
`;
